// Jest Snapshot v1, https://goo.gl/fbAQLP

exports[`Rendering should match to snapshot 1`] = `
<View
  accessible={true}
  focusable={false}
  onClick={[Function]}
  onResponderGrant={[Function]}
  onResponderMove={[Function]}
  onResponderRelease={[Function]}
  onResponderTerminate={[Function]}
  onResponderTerminationRequest={[Function]}
  onStartShouldSetResponder={[Function]}
  style={
    Object {
      "alignItems": "center",
      "backgroundColor": "#157dfb",
      "borderRadius": 5,
      "height": 50,
      "justifyContent": "center",
      "marginVertical": 3,
      "opacity": 1,
      "width": "100%",
    }
  }
>
  <Text
    style={
      Array [
        Object {
          "color": "#fff",
          "fontSize": 20,
          "fontWeight": "700",
        },
        undefined,
      ]
    }
  >
    Button
  </Text>
</View>
`;
